[debug] [2026-10-06T17:01:13.848Z] ----------------------------------------------------------------------
[debug] [2026-10-06T17:01:13.850Z] Command:       /usr/local/bin/node /opt/homebrew/bin/firebase appcheck:debugtokens:create ebf4e571-6efb-409a-8854-46451995c6cc --app 1:385002157682:web:3296ba12f9bd711ae0f4eb --display-name NeedMap localhost --project needmap-hackathon --non-interactive --json
[debug] [2026-10-06T17:01:13.850Z] CLI Version:   15.32.1
[debug] [2026-10-06T17:01:13.850Z] Platform:      darwin
[debug] [2026-10-06T17:01:13.850Z] Node Version:  v24.21.0
[debug] [2026-10-06T17:01:13.850Z] Detected Agent: codex_cli
[debug] [2026-10-06T17:01:13.850Z] Time:          Tue Oct 06 2026 10:01:13 GMT-0700 (Pacific Daylight Time)
[debug] [2026-10-06T17:01:13.850Z] ----------------------------------------------------------------------
[debug] 
[debug] [2026-10-06T17:01:13.856Z] > command requires scopes: ["email","openid","https://www.googleapis.com/auth/cloudplatformprojects.readonly","https://www.googleapis.com/auth/firebase","https://www.googleapis.com/auth/cloud-platform"]
[debug] [2026-10-06T17:01:13.856Z] > authorizing via signed-in user (rishabmsahu748@gmail.com)
[info] Active Project: needmap-hackathon
[debug] [2026-10-06T17:01:13.862Z] Checked if tokens are valid: true, expires at: 1791308052860
[debug] [2026-10-06T17:01:13.862Z] Checked if tokens are valid: true, expires at: 1791308052860
[debug] [2026-10-06T17:01:13.863Z] >>> [apiv2][query] GET https://cloudresourcemanager.googleapis.com/v1/projects/needmap-hackathon [none]
[debug] [2026-10-06T17:01:14.185Z] <<< [apiv2][status] GET https://cloudresourcemanager.googleapis.com/v1/projects/needmap-hackathon 200
[debug] [2026-10-06T17:01:14.185Z] <<< [apiv2][body] GET https://cloudresourcemanager.googleapis.com/v1/projects/needmap-hackathon {"projectNumber":"385002157682","projectId":"needmap-hackathon","lifecycleState":"ACTIVE","name":"needmap-hackathon","labels":{"firebase":"enabled","firebase-core":"disabled"},"createTime":"2026-10-03T21:54:19.565Z"}
[debug] [2026-10-06T17:01:14.186Z] Checked if tokens are valid: true, expires at: 1791308052860
[debug] [2026-10-06T17:01:14.186Z] Checked if tokens are valid: true, expires at: 1791308052860
[debug] [2026-10-06T17:01:14.186Z] >>> [apiv2][query] GET https://firebaseappcheck.googleapis.com/v1/projects/385002157682/apps/1:385002157682:web:3296ba12f9bd711ae0f4eb/debugTokens 
[debug] [2026-10-06T17:01:14.893Z] <<< [apiv2][status] GET https://firebaseappcheck.googleapis.com/v1/projects/385002157682/apps/1:385002157682:web:3296ba12f9bd711ae0f4eb/debugTokens 200
[debug] [2026-10-06T17:01:14.893Z] <<< [apiv2][body] GET https://firebaseappcheck.googleapis.com/v1/projects/385002157682/apps/1:385002157682:web:3296ba12f9bd711ae0f4eb/debugTokens {}
[debug] [2026-10-06T17:01:14.895Z] Checked if tokens are valid: true, expires at: 1791308052860
[debug] [2026-10-06T17:01:14.895Z] Checked if tokens are valid: true, expires at: 1791308052860
[debug] [2026-10-06T17:01:14.895Z] >>> [apiv2][query] POST https://firebaseappcheck.googleapis.com/v1/projects/385002157682/apps/1:385002157682:web:3296ba12f9bd711ae0f4eb/debugTokens [none]
[debug] [2026-10-06T17:01:14.895Z] >>> [apiv2][body] POST https://firebaseappcheck.googleapis.com/v1/projects/385002157682/apps/1:385002157682:web:3296ba12f9bd711ae0f4eb/debugTokens {"displayName":"NeedMap localhost","token":"ebf4e571-6efb-409a-8854-46451995c6cc"}
[debug] [2026-10-06T17:01:15.560Z] <<< [apiv2][status] POST https://firebaseappcheck.googleapis.com/v1/projects/385002157682/apps/1:385002157682:web:3296ba12f9bd711ae0f4eb/debugTokens 200
[debug] [2026-10-06T17:01:15.561Z] <<< [apiv2][body] POST https://firebaseappcheck.googleapis.com/v1/projects/385002157682/apps/1:385002157682:web:3296ba12f9bd711ae0f4eb/debugTokens {"name":"projects/385002157682/apps/1:385002157682:web:3296ba12f9bd711ae0f4eb/debugTokens/NDQwMGQwNTMtYjg3Ni00MzVhLWE5NTMtMWIxOWI4MzJmYjcz","displayName":"NeedMap localhost","updateTime":"2026-10-06T17:01:15.462591Z","etag":"\"FxLbS7LJtG2UjHM=\""}
[info] ✔  Successfully registered App Check debug token:
  - Display Name: NeedMap localhost
  - Resource Name: projects/385002157682/apps/1:385002157682:web:3296ba12f9bd711ae0f4eb/debugTokens/NDQwMGQwNTMtYjg3Ni00MzVhLWE5NTMtMWIxOWI4MzJmYjcz 
[info] Warning: This debug token is a secret and should not be shared or uploaded to source code.
[info] TODO: Remember to delete this token once your testing has finished.
